Movie,CriticsRating,AudienceRating
Slow West,7.2,6.9
Sicario,8.1,8.1
