Movie,CriticsRating,AudienceRating
Sicario,8.1,8.1
Slow West,7.2,6.9
